#-----------------------------------------------------------
# Vivado v2024.1 (64-bit)
# SW Build 5076996 on Wed May 22 18:37:14 MDT 2024
# IP Build 5075265 on Wed May 22 21:45:21 MDT 2024
# SharedData Build 5076995 on Wed May 22 18:29:18 MDT 2024
# Start of session at: Thu Jul  4 11:05:34 2024
# Process ID: 10540
# Current directory: C:/Users/first/Projects/Verilog/Multiplexer/Multiplexer.runs/synth_1
# Command line: vivado.exe -log Mux_4x1.vds -product Vivado -mode batch -messageDb vivado.pb -notrace -source Mux_4x1.tcl
# Log file: C:/Users/first/Projects/Verilog/Multiplexer/Multiplexer.runs/synth_1/Mux_4x1.vds
# Journal file: C:/Users/first/Projects/Verilog/Multiplexer/Multiplexer.runs/synth_1\vivado.jou
# Running On        :EVREN
# Platform          :Windows Server 2016 or Windows 10
# Operating System  :22631
# Processor Detail  :Intel(R) Core(TM) i5-10300H CPU @ 2.50GHz
# CPU Frequency     :2496 MHz
# CPU Physical cores:4
# CPU Logical cores :8
# Host memory       :8412 MB
# Swap memory       :536 MB
# Total Virtual     :8949 MB
# Available Virtual :3934 MB
#-----------------------------------------------------------
source Mux_4x1.tcl -notrace
